// Jest Snapshot v1, https://goo.gl/fbAQLP

exports[`renders correctly 1`] = `
<i
  className="fa-solid fa-heart heartLogo heartLogoTrue"
  title="Remove favorite"
/>
`;
